core   0: >>>>  add
core   0: 0x000000008000010c (0x000040a9) c.li    ra, 10
core   0: 3 0x000000008000010c (0x40a9) x 1 0x000000000000000a
core   0: 0x000000008000010e (0x00004151) c.li    sp, 20
core   0: 3 0x000000008000010e (0x4151) x 2 0x0000000000000014
core   0: 0x0000000080000110 (0x002081b3) add     gp, ra, sp
core   0: 3 0x0000000080000110 (0x002081b3) x 3 0x000000000000001e
core   0: >>>>  addi
core   0: 0x0000000080000114 (0x00004095) c.li    ra, 5
core   0: 3 0x0000000080000114 (0x4095) x 1 0x0000000000000005
core   0: 0x0000000080000116 (0x00708113) addi    sp, ra, 7
core   0: 3 0x0000000080000116 (0x00708113) x 2 0x000000000000000c
core   0: >>>>  sub
core   0: 0x000000008000011a (0x000040f9) c.li    ra, 30
core   0: 3 0x000000008000011a (0x40f9) x 1 0x000000000000001e
core   0: 0x000000008000011c (0x00004129) c.li    sp, 10
core   0: 3 0x000000008000011c (0x4129) x 2 0x000000000000000a
core   0: 0x000000008000011e (0x402081b3) sub     gp, ra, sp
core   0: 3 0x000000008000011e (0x402081b3) x 3 0x0000000000000014
core   0: >>>>  sll
core   0: 0x0000000080000122 (0x00004085) c.li    ra, 1
core   0: 3 0x0000000080000122 (0x4085) x 1 0x0000000000000001
core   0: 0x0000000080000124 (0x00309113) slli    sp, ra, 3
core   0: 3 0x0000000080000124 (0x00309113) x 2 0x0000000000000008
core   0: >>>>  slli
core   0: 0x0000000080000128 (0x00004089) c.li    ra, 2
core   0: 3 0x0000000080000128 (0x4089) x 1 0x0000000000000002
core   0: 0x000000008000012a (0x00409113) slli    sp, ra, 4
core   0: 3 0x000000008000012a (0x00409113) x 2 0x0000000000000020
core   0: >>>>  srl
core   0: 0x000000008000012e (0x02000093) li      ra, 32
core   0: 3 0x000000008000012e (0x02000093) x 1 0x0000000000000020
core   0: 0x0000000080000132 (0x0020d113) srli    sp, ra, 2
core   0: 3 0x0000000080000132 (0x0020d113) x 2 0x0000000000000008