core   0: >>>>  add
core   0: 0x000000008000010c (0x000040a9) c.li    ra, 10
core   0: 3 0x000000008000010c (0x40a9) x 1 0x000000000000000a
core   0: 0x000000008000010e (0x00004151) c.li    sp, 20
core   0: 3 0x000000008000010e (0x4151) x 2 0x0000000000000014
core   0: 0x0000000080000110 (0x002081b3) add     gp, ra, sp
core   0: 3 0x0000000080000110 (0x002081b3) x 3 0x000000000000001e
core   0: >>>>  addi
core   0: 0x0000000080000114 (0x00004095) c.li    ra, 5
core   0: 3 0x0000000080000114 (0x4095) x 1 0x0000000000000005
core   0: 0x0000000080000116 (0x00708113) addi    sp, ra, 7
core   0: 3 0x0000000080000116 (0x00708113) x 2 0x000000000000000c
core   0: >>>>  sub
core   0: 0x000000008000011a (0x000040f9) c.li    ra, 30
core   0: 3 0x000000008000011a (0x40f9) x 1 0x000000000000001e
core   0: 0x000000008000011c (0x00004129) c.li    sp, 10
core   0: 3 0x000000008000011c (0x4129) x 2 0x000000000000000a
core   0: 0x000000008000011e (0x402081b3) sub     gp, ra, sp
core   0: 3 0x000000008000011e (0x402081b3) x 3 0x0000000000000014
core   0: >>>>  sll
core   0: 0x0000000080000122 (0x00004085) c.li    ra, 1
core   0: 3 0x0000000080000122 (0x4085) x 1 0x0000000000000001
core   0: 0x0000000080000124 (0x00309113) slli    sp, ra, 3
core   0: 3 0x0000000080000124 (0x00309113) x 2 0x0000000000000008
core   0: >>>>  slli
core   0: 0x0000000080000128 (0x00004089) c.li    ra, 2
core   0: 3 0x0000000080000128 (0x4089) x 1 0x0000000000000002
core   0: 0x000000008000012a (0x00409113) slli    sp, ra, 4
core   0: 3 0x000000008000012a (0x00409113) x 2 0x0000000000000020
core   0: >>>>  srl
core   0: 0x000000008000012e (0x02000093) li      ra, 32
core   0: 3 0x000000008000012e (0x02000093) x 1 0x0000000000000020
core   0: 0x0000000080000132 (0x0020d113) srli    sp, ra, 2
core   0: 3 0x0000000080000132 (0x0020d113) x 2 0x0000000000000008
core   0: >>>>  srli
core   0: 0x0000000080000136 (0x10000093) li      ra, 256
core   0: 3 0x0000000080000136 (0x10000093) x 1 0x0000000000000100
core   0: 0x000000008000013a (0x0040d113) srli    sp, ra, 4
core   0: 3 0x000000008000013a (0x0040d113) x 2 0x0000000000000010
core   0: >>>>  sra
core   0: 0x000000008000013e (0x00005081) c.li    ra, -32
core   0: 3 0x000000008000013e (0x5081) x 1 0xffffffffffffffe0
core   0: 0x0000000080000140 (0x4020d113) srai    sp, ra, 2
core   0: 3 0x0000000080000140 (0x4020d113) x 2 0xfffffffffffffff8
core   0: >>>>  srai
core   0: 0x0000000080000144 (0xfc000093) li      ra, -64
core   0: 3 0x0000000080000144 (0xfc000093) x 1 0xffffffffffffffc0
core   0: 0x0000000080000148 (0x4030d113) srai    sp, ra, 3
core   0: 3 0x0000000080000148 (0x4030d113) x 2 0xfffffffffffffff8
core   0: >>>>  slt
core   0: 0x000000008000014c (0x00004095) c.li    ra, 5
core   0: 3 0x000000008000014c (0x4095) x 1 0x0000000000000005
core   0: 0x000000008000014e (0x00004129) c.li    sp, 10
core   0: 3 0x000000008000014e (0x4129) x 2 0x000000000000000a
core   0: 0x0000000080000150 (0x0020a1b3) slt     gp, ra, sp
core   0: 3 0x0000000080000150 (0x0020a1b3) x 3 0x0000000000000001
core   0: >>>>  sltu
core   0: 0x0000000080000154 (0x000050fd) c.li    ra, -1
core   0: 3 0x0000000080000154 (0x50fd) x 1 0xffffffffffffffff
core   0: 0x0000000080000156 (0x00004105) c.li    sp, 1
core   0: 3 0x0000000080000156 (0x4105) x 2 0x0000000000000001
core   0: 0x0000000080000158 (0x0020b1b3) sltu    gp, ra, sp
core   0: 3 0x0000000080000158 (0x0020b1b3) x 3 0x0000000000000000
core   0: >>>>  slti
core   0: 0x000000008000015c (0x00004095) c.li    ra, 5
core   0: 3 0x000000008000015c (0x4095) x 1 0x0000000000000005
core   0: 0x000000008000015e (0x0080a113) slti    sp, ra, 8
core   0: 3 0x000000008000015e (0x0080a113) x 2 0x0000000000000001
core   0: >>>>  sltiu
core   0: 0x0000000080000162 (0x000050fd) c.li    ra, -1
core   0: 3 0x0000000080000162 (0x50fd) x 1 0xffffffffffffffff
core   0: 0x0000000080000164 (0x0050b113) sltiu   sp, ra, 5
core   0: 3 0x0000000080000164 (0x0050b113) x 2 0x0000000000000000
core   0: >>>>  and
core   0: 0x0000000080000168 (0x0f000093) li      ra, 240
core   0: 3 0x0000000080000168 (0x0f000093) x 1 0x00000000000000f0
core   0: 0x000000008000016c (0x0000413d) c.li    sp, 15
core   0: 3 0x000000008000016c (0x413d) x 2 0x000000000000000f
core   0: 0x000000008000016e (0x0020f1b3) and     gp, ra, sp
core   0: 3 0x000000008000016e (0x0020f1b3) x 3 0x0000000000000000
core   0: >>>>  andi
core   0: 0x0000000080000172 (0x0aa00093) li      ra, 170
core   0: 3 0x0000000080000172 (0x0aa00093) x 1 0x00000000000000aa
core   0: 0x0000000080000176 (0x00f0f113) andi    sp, ra, 15
core   0: 3 0x0000000080000176 (0x00f0f113) x 2 0x000000000000000a
core   0: >>>>  or
core   0: 0x000000008000017a (0x05500093) li      ra, 85
core   0: 3 0x000000008000017a (0x05500093) x 1 0x0000000000000055
core   0: 0x000000008000017e (0x0000413d) c.li    sp, 15
core   0: 3 0x000000008000017e (0x413d) x 2 0x000000000000000f
core   0: 0x0000000080000180 (0x0020e1b3) or      gp, ra, sp
core   0: 3 0x0000000080000180 (0x0020e1b3) x 3 0x000000000000005f
core   0: >>>>  ori
core   0: 0x0000000080000184 (0x000040c1) c.li    ra, 16
core   0: 3 0x0000000080000184 (0x40c1) x 1 0x0000000000000010
core   0: 0x0000000080000186 (0x00f0e113) ori     sp, ra, 15
core   0: 3 0x0000000080000186 (0x00f0e113) x 2 0x000000000000001f
core   0: >>>>  xor
core   0: 0x000000008000018a (0x0aa00093) li      ra, 170
core   0: 3 0x000000008000018a (0x0aa00093) x 1 0x00000000000000aa
core   0: 0x000000008000018e (0x0ff00113) li      sp, 255
core   0: 3 0x000000008000018e (0x0ff00113) x 2 0x00000000000000ff
core   0: 0x0000000080000192 (0x0020c1b3) xor     gp, ra, sp
core   0: 3 0x0000000080000192 (0x0020c1b3) x 3 0x0000000000000055
core   0: >>>>  xori
core   0: 0x0000000080000196 (0x000040bd) c.li    ra, 15
core   0: 3 0x0000000080000196 (0x40bd) x 1 0x000000000000000f
core   0: 0x0000000080000198 (0x0f00c113) xori    sp, ra, 240
core   0: 3 0x0000000080000198 (0x0f00c113) x 2 0x00000000000000ff
core   0: >>>>  lb
core   0: 0x000000008000019c (0x00002097) auipc   ra, 0x2
core   0: 3 0x000000008000019c (0x00002097) x 1 0x000000008000219c
core   0: 0x00000000800001a0 (0xe6408093) addi    ra, ra, -412
core   0: 3 0x00000000800001a0 (0xe6408093) x 1 0x0000000080002000
core   0: 0x00000000800001a4 (0x00008103) lb      sp, 0(ra)
core   0: 3 0x00000000800001a4 (0x00008103) x 2 0x0000000000000035 mem 0x0000000080002000
core   0: >>>>  lh
core   0: 0x00000000800001a8 (0x00002097) auipc   ra, 0x2
core   0: 3 0x00000000800001a8 (0x00002097) x 1 0x00000000800021a8
core   0: 0x00000000800001ac (0xe5808093) addi    ra, ra, -424
core   0: 3 0x00000000800001ac (0xe5808093) x 1 0x0000000080002000
core   0: 0x00000000800001b0 (0x00209103) lh      sp, 2(ra)
core   0: 3 0x00000000800001b0 (0x00209103) x 2 0x0000000000000662 mem 0x0000000080002002
core   0: >>>>  lw
core   0: 0x00000000800001b4 (0x00002097) auipc   ra, 0x2
core   0: 3 0x00000000800001b4 (0x00002097) x 1 0x00000000800021b4
core   0: 0x00000000800001b8 (0xe4c08093) addi    ra, ra, -436
core   0: 3 0x00000000800001b8 (0xe4c08093) x 1 0x0000000080002000
core   0: 0x00000000800001bc (0x0040a103) lw      sp, 4(ra)
core   0: 3 0x00000000800001bc (0x0040a103) x 2 0x00000000584944fc mem 0x0000000080002004
core   0: >>>>  lbu
core   0: 0x00000000800001c0 (0x00002097) auipc   ra, 0x2
core   0: 3 0x00000000800001c0 (0x00002097) x 1 0x00000000800021c0
core   0: 0x00000000800001c4 (0xe4008093) addi    ra, ra, -448
core   0: 3 0x00000000800001c4 (0xe4008093) x 1 0x0000000080002000
core   0: 0x00000000800001c8 (0x0010c103) lbu     sp, 1(ra)
core   0: 3 0x00000000800001c8 (0x0010c103) x 2 0x0000000000000079 mem 0x0000000080002001
core   0: >>>>  lhu
core   0: 0x00000000800001cc (0x00002097) auipc   ra, 0x2
core   0: 3 0x00000000800001cc (0x00002097) x 1 0x00000000800021cc
core   0: 0x00000000800001d0 (0xe3408093) addi    ra, ra, -460
core   0: 3 0x00000000800001d0 (0xe3408093) x 1 0x0000000080002000
core   0: 0x00000000800001d4 (0x0000d103) lhu     sp, 0(ra)
core   0: 3 0x00000000800001d4 (0x0000d103) x 2 0x0000000000007935 mem 0x0000000080002000
core   0: >>>>  sb
core   0: 0x00000000800001d8 (0x00002097) auipc   ra, 0x2
core   0: 3 0x00000000800001d8 (0x00002097) x 1 0x00000000800021d8
core   0: 0x00000000800001dc (0xe3408093) addi    ra, ra, -460
core   0: 3 0x00000000800001dc (0xe3408093) x 1 0x000000008000200c
core   0: 0x00000000800001e0 (0x00004149) c.li    sp, 18
core   0: 3 0x00000000800001e0 (0x4149) x 2 0x0000000000000012
core   0: 0x00000000800001e2 (0x00208023) sb      sp, 0(ra)
core   0: 3 0x00000000800001e2 (0x00208023) mem 0x000000008000200c 0x12
core   0: >>>>  sh
core   0: 0x00000000800001e6 (0x00002097) auipc   ra, 0x2
core   0: 3 0x00000000800001e6 (0x00002097) x 1 0x00000000800021e6
core   0: 0x00000000800001ea (0xe2608093) addi    ra, ra, -474
core   0: 3 0x00000000800001ea (0xe2608093) x 1 0x000000008000200c
core   0: 0x00000000800001ee (0x00001137) lui     sp, 0x1
core   0: 3 0x00000000800001ee (0x00001137) x 2 0x0000000000001000
core   0: 0x00000000800001f2 (0x2341011b) addiw   sp, sp, 564
core   0: 3 0x00000000800001f2 (0x2341011b) x 2 0x0000000000001234
core   0: 0x00000000800001f6 (0x00209023) sh      sp, 0(ra)
core   0: 3 0x00000000800001f6 (0x00209023) mem 0x000000008000200c 0x1234
core   0: >>>>  sw
core   0: 0x00000000800001fa (0x00002097) auipc   ra, 0x2
core   0: 3 0x00000000800001fa (0x00002097) x 1 0x00000000800021fa
core   0: 0x00000000800001fe (0xe1208093) addi    ra, ra, -494
core   0: 3 0x00000000800001fe (0xe1208093) x 1 0x000000008000200c
core   0: 0x0000000080000202 (0x12345137) lui     sp, 0x12345
core   0: 3 0x0000000080000202 (0x12345137) x 2 0x0000000012345000
core   0: 0x0000000080000206 (0x6781011b) addiw   sp, sp, 1656
core   0: 3 0x0000000080000206 (0x6781011b) x 2 0x0000000012345678
core   0: 0x000000008000020a (0x0020a023) sw      sp, 0(ra)
core   0: 3 0x000000008000020a (0x0020a023) mem 0x000000008000200c 0x12345678
core   0: >>>>  jal
core   0: 0x000000008000020e (0x006000ef) jal     pc + 0x6
core   0: 3 0x000000008000020e (0x006000ef) x 1 0x0000000080000212
core   0: >>>>  jal_label
core   0: 0x0000000080000214 (0x00000097) auipc   ra, 0x0
core   0: 3 0x0000000080000214 (0x00000097) x 1 0x0000000080000214
core   0: 0x0000000080000218 (0x00e08093) addi    ra, ra, 14
core   0: 3 0x0000000080000218 (0x00e08093) x 1 0x0000000080000222
core   0: 0x000000008000021c (0x00008167) jalr    sp, ra, 0
core   0: 3 0x000000008000021c (0x00008167) x 2 0x0000000080000220
core   0: >>>>  beq
core   0: 0x0000000080000222 (0x00004095) c.li    ra, 5
core   0: 3 0x0000000080000222 (0x4095) x 1 0x0000000000000005
core   0: 0x0000000080000224 (0x00004115) c.li    sp, 5
core   0: 3 0x0000000080000224 (0x4115) x 2 0x0000000000000005
core   0: 0x0000000080000226 (0x00208363) beq     ra, sp, pc + 6
core   0: 3 0x0000000080000226 (0x00208363)
core   0: >>>>  beq_taken
core   0: 0x000000008000022c (0x00004095) c.li    ra, 5
core   0: 3 0x000000008000022c (0x4095) x 1 0x0000000000000005
core   0: 0x000000008000022e (0x00004119) c.li    sp, 6
core   0: 3 0x000000008000022e (0x4119) x 2 0x0000000000000006
core   0: 0x0000000080000230 (0x00209363) bne     ra, sp, pc + 6
core   0: 3 0x0000000080000230 (0x00209363)
core   0: >>>>  blt
core   0: 0x0000000080000236 (0x00004089) c.li    ra, 2
core   0: 3 0x0000000080000236 (0x4089) x 1 0x0000000000000002
core   0: 0x0000000080000238 (0x00004115) c.li    sp, 5
core   0: 3 0x0000000080000238 (0x4115) x 2 0x0000000000000005
core   0: 0x000000008000023a (0x0020c363) blt     ra, sp, pc + 6
core   0: 3 0x000000008000023a (0x0020c363)
core   0: >>>>  bge
core   0: 0x0000000080000240 (0x00004095) c.li    ra, 5
core   0: 3 0x0000000080000240 (0x4095) x 1 0x0000000000000005
core   0: 0x0000000080000242 (0x00004105) c.li    sp, 1
core   0: 3 0x0000000080000242 (0x4105) x 2 0x0000000000000001
core   0: 0x0000000080000244 (0x0020d363) bge     ra, sp, pc + 6
core   0: 3 0x0000000080000244 (0x0020d363)
core   0: >>>>  bge_taken
core   0: 0x000000008000024a (0x00004085) c.li    ra, 1
core   0: 3 0x000000008000024a (0x4085) x 1 0x0000000000000001
core   0: 0x000000008000024c (0x00004115) c.li    sp, 5
core   0: 3 0x000000008000024c (0x4115) x 2 0x0000000000000005
core   0: 0x000000008000024e (0x0020e363) bltu    ra, sp, pc + 6
core   0: 3 0x000000008000024e (0x0020e363)
core   0: >>>>  bgeu
core   0: 0x0000000080000254 (0x000040a9) c.li    ra, 10
core   0: 3 0x0000000080000254 (0x40a9) x 1 0x000000000000000a
core   0: 0x0000000080000256 (0x00004115) c.li    sp, 5
core   0: 3 0x0000000080000256 (0x4115) x 2 0x0000000000000005
core   0: 0x0000000080000258 (0x0020f363) bgeu    ra, sp, pc + 6
core   0: 3 0x0000000080000258 (0x0020f363)
core   0: >>>>  bgeu_taken
core   0: 0x000000008000025e (0x123450b7) lui     ra, 0x12345
core   0: 3 0x000000008000025e (0x123450b7) x 1 0x0000000012345000
core   0: >>>>  auipc
core   0: 0x0000000080000262 (0x00010097) auipc   ra, 0x10
core   0: 