
core   0: 3 0x0000000080000000 (0xa8b9)
core   0: 3 0x000000008000005e (0x4081) x 1 0x0000000000000000
core   0: 3 0x0000000080000060 (0x4101) x 2 0x0000000000000000
core   0: 3 0x0000000080000062 (0x4181) x 3 0x0000000000000000
core   0: 3 0x0000000080000064 (0x4201) x 4 0x0000000000000000
core   0: 3 0x0000000080000066 (0x4281) x 5 0x0000000000000000
core   0: 3 0x0000000080000068 (0x4301) x 6 0x0000000000000000
core   0: 3 0x000000008000006a (0x4381) x 7 0x0000000000000000
core   0: 3 0x000000008000006c (0x4401) x 8 0x0000000000000000
core   0: 3 0x000000008000006e (0x4481) x 9 0x0000000000000000
core   0: 3 0x0000000080000070 (0x4501) x10 0x0000000000000000
core   0: 3 0x0000000080000072 (0x4581) x11 0x0000000000000000
core   0: 3 0x0000000080000074 (0x4601) x12 0x0000000000000000
core   0: 3 0x0000000080000076 (0x4681) x13 0x0000000000000000
core   0: 3 0x0000000080000078 (0x4701) x14 0x0000000000000000
core   0: 3 0x000000008000007a (0x4781) x15 0x0000000000000000
core   0: 3 0x000000008000007c (0x4801) x16 0x0000000000000000
core   0: 3 0x000000008000007e (0x4881) x17 0x0000000000000000
core   0: 3 0x0000000080000080 (0x4901) x18 0x0000000000000000
core   0: 3 0x0000000080000082 (0x4981) x19 0x0000000000000000
core   0: 3 0x0000000080000084 (0x4a01) x20 0x0000000000000000
core   0: 3 0x0000000080000086 (0x4a81) x21 0x0000000000000000
core   0: 3 0x0000000080000088 (0x4b01) x22 0x0000000000000000
core   0: 3 0x000000008000008a (0x4b81) x23 0x0000000000000000
core   0: 3 0x000000008000008c (0x4c01) x24 0x0000000000000000
core   0: 3 0x000000008000008e (0x4c81) x25 0x0000000000000000
core   0: 3 0x0000000080000090 (0x4d01) x26 0x0000000000000000
core   0: 3 0x0000000080000092 (0x4d81) x27 0x0000000000000000
core   0: 3 0x0000000080000094 (0x4e01) x28 0x0000000000000000
core   0: 3 0x0000000080000096 (0x4e81) x29 0x0000000000000000
core   0: 3 0x0000000080000098 (0x4f01) x30 0x0000000000000000
core   0: 3 0x000000008000009a (0x4f81) x31 0x0000000000000000
core   0: 3 0x000000008000009c (0xf1402573) x10 0x0000000000000000
core   0: 3 0x00000000800000a0 (0xe101)
core   0: 3 0x00000000800000a2 (0x30405073) c772_mie 0x0000000000000000
core   0: 3 0x00000000800000a6 (0x00000297) x 5 0x00000000800000a6
core   0: 3 0x00000000800000aa (0x01628293) x 5 0x00000000800000bc
core   0: 3 0x00000000800000ae (0x30529073) c773_mtvec 0x00000000800000bc
core   0: 3 0x00000000800000b2 (0x30205073) c770_medeleg 0x0000000000000000
core   0: 3 0x00000000800000b6 (0x30305073) c771_mideleg 0x0000000000000000
core   0: 3 0x00000000800000ba (0x0001)
core   0: 3 0x00000000800000bc (0x4181) x 3 0x0000000000000000
core   0: 3 0x00000000800000be (0x00000297) x 5 0x00000000800000be
core   0: 3 0x00000000800000c2 (0xf4628293) x 5 0x0000000080000004
core   0: 3 0x00000000800000c6 (0x30529073) c773_mtvec 0x0000000080000004
core   0: 3 0x00000000800000ca (0x4505) x10 0x0000000000000001
core   0: 3 0x00000000800000cc (0x057e) x10 0x0000000080000000
core   0: 3 0x00000000800000ce (0x00055263)
core   0: 3 0x00000000800000d2 (0x00000293) x 5 0x0000000000000000
core   0: 3 0x00000000800000d6 (0x00028963)
core   0: 3 0x00000000800000e8 (0x30005073) c768_mstatus 0x0000000a00000000
core   0: 3 0x00000000800000ec (0x6509) x10 0x0000000000002000
core   0: 3 0x00000000800000ee (0x8005051b) x10 0x0000000000001800
core   0: 3 0x00000000800000f2 (0x30052073) c768_mstatus 0x0000000a00001800
core   0: 3 0x00000000800000f6 (0x00000297) x 5 0x00000000800000f6
core   0: 3 0x00000000800000fa (0x01428293) x 5 0x000000008000010a
core   0: 3 0x00000000800000fe (0x34129073) c833_mepc 0x000000008000010a
core   0: 3 0x0000000080000102 (0xf1402573) x10 0x0000000000000000
core   0: 3 0x0000000080000106 (0x30200073) c768_mstatus 0x0000000a00000080
core   0: 3 0x000000008000010a (0x418d) x 3 0x0000000000000003
core   0: 3 0x000000008000010c (0x4451) x 8 0x0000000000000014
core   0: 3 0x000000008000010e (0x02000493) x 9 0x0000000000000020
core   0: 3 0x0000000080000112 (0x009402b3) x 5 0x0000000000000034
core   0: 3 0x0000000080000116 (0x00301e63)
core   0: 3 0x0000000080000004 (0x34202f73) x30 0x0000000000000002
core   0: 3 0x0000000080000008 (0x4fa1) x31 0x0000000000000008
core   0: 3 0x000000008000000a (0x03ff0463)
core   0: 3 0x000000008000000e (0x4fa5) x31 0x0000000000000009
core   0: 3 0x0000000080000010 (0x03ff0163)
core   0: 3 0x0000000080000014 (0x4fad) x31 0x000000000000000b
core   0: 3 0x0000000080000016 (0x01ff0e63)
core   0: 3 0x000000008000001a (0x00000f13) x30 0x0000000000000000
core   0: 3 0x000000008000001e (0x000f0363)
core   0: 3 0x0000000080000024 (0x34202f73) x30 0x0000000000000002
core   0: 3 0x0000000080000028 (0x000f5363)
core   0: 3 0x000000008000002e (0x5391e193) x 3 0x000000000000053b
core   0: 3 0x0000000080000032 (0x00001f17) x30 0x0000000080001032
core   0: 3 0x0000000080000036 (0xfc3f2723) mem 0x0000000080001000 0x0000053b
core   0: 3 0x000000008000003a (0x0000100f)
core   0: 3 0x000000008000003e (0x00020fb7) x31 0x0000000000020000
core   0: 3 0x0000000080000042 (0x00002f17) x30 0x0000000080002042
core   0: 3 0x0000000080000046 (0xfbef0f13) x30 0x0000000080002000
