=========== COMPARE LOG ===========

1 14075ns 271 M 0x0000000080000000 0000a8b9 c.j x0,   FAIL
---- MISMATCH DETAILS ----
PC RTL : 0x0000000080000000   REF : 0x0000000000001000
OPCODE RTL : 0000a8b9   REF : 00000297
---------------------------

2 14625ns 282 M 0x000000008000005e 00004081 c.li ra, x1 0x0000000000000000 FAIL
---- MISMATCH DETAILS ----
PC RTL : 0x000000008000005e   REF : 0x0000000000001004
OPCODE RTL : 00004081   REF : 02028593
REGISTER RTL : x1   REF : x11
VALUE RTL : 0x0000000000000000   REF : 0x0000000000001020
---------------------------

3 15125ns 292 M 0x0000000080000060 00004101 c.li sp, x2 0x0000000000000000 FAIL
---- MISMATCH DETAILS ----
PC RTL : 0x0000000080000060   REF : 0x0000000000001008
OPCODE RTL : 00004101   REF : f1402573
REGISTER RTL : x2   REF : x10
---------------------------

4 15175ns 293 M 0x0000000080000062 00004181 c.li gp, x3 0x0000000000000000 FAIL
---- MISMATCH DETAILS ----
PC RTL : 0x0000000080000062   REF : 0x000000000000100c
OPCODE RTL : 00004181   REF : 0182b283
REGISTER RTL : x3   REF : 
VALUE RTL : 0x0000000000000000   REF : 
---------------------------

5 15225ns 294 M 0x0000000080000064 00004201 c.li tp, x4 0x0000000000000000 FAIL
---- MISMATCH DETAILS ----
PC RTL : 0x0000000080000064   REF : 0x0000000000001010
OPCODE RTL : 00004201   REF : 00028067
REGISTER RTL : x4   REF : 
VALUE RTL : 0x0000000000000000   REF : 
---------------------------

6 15275ns 295 M 0x0000000080000066 00004281 c.li t0, x5 0x0000000000000000 FAIL
---- MISMATCH DETAILS ----
PC RTL : 0x0000000080000066   REF : 0x0000000080000000
OPCODE RTL : 00004281   REF : a8b9
REGISTER RTL : x5   REF : 
VALUE RTL : 0x0000000000000000   REF : 
---------------------------

7 15325ns 296 M 0x0000000080000068 00004301 c.li t1, x6 0x0000000000000000 FAIL
---- MISMATCH DETAILS ----
PC RTL : 0x0000000080000068   REF : 0x000000008000005e
OPCODE RTL : 00004301   REF : 4081
REGISTER RTL : x6   REF : 
VALUE RTL : 0x0000000000000000   REF : 
---------------------------

8 15375ns 297 M 0x000000008000006a 00004381 c.li t2, x7 0x0000000000000000 FAIL
---- MISMATCH DETAILS ----
PC RTL : 0x000000008000006a   REF : 0x0000000080000060
OPCODE RTL : 00004381   REF : 4101
REGISTER RTL : x7   REF : 
VALUE RTL : 0x0000000000000000   REF : 
---------------------------

9 15425ns 298 M 0x000000008000006c 00004401 c.li s0, x8 0x0000000000000000 FAIL
---- MISMATCH DETAILS ----
PC RTL : 0x000000008000006c   REF : 0x0000000080000062
OPCODE RTL : 00004401   REF : 4181
REGISTER RTL : x8   REF : 
VALUE RTL : 0x0000000000000000   REF : 
---------------------------

10 15475ns 299 M 0x000000008000006e 00004481 c.li s1, x9 0x0000000000000000 FAIL
---- MISMATCH DETAILS ----
PC RTL : 0x000000008000006e   REF : 0x0000000080000064
OPCODE RTL : 00004481   REF : 4201
REGISTER RTL : x9   REF : 
VALUE RTL : 0x0000000000000000   REF : 
---------------------------

11 15625ns 302 M 0x0000000080000070 00004501 c.li a0, x10 0x0000000000000000 FAIL
---- MISMATCH DETAILS ----
PC RTL : 0x0000000080000070   REF : 0x0000000080000066
OPCODE RTL : 00004501   REF : 4281
REGISTER RTL : x10   REF : 
VALUE RTL : 0x0000000000000000   REF : 
---------------------------

12 15675ns 303 M 0x0000000080000072 00004581 c.li a1, x11 0x0000000000000000 FAIL
---- MISMATCH DETAILS ----
PC RTL : 0x0000000080000072   REF : 0x0000000080000068
OPCODE RTL : 00004581   REF : 4301
REGISTER RTL : x11   REF : 
VALUE RTL : 0x0000000000000000   REF : 
---------------------------

13 15725ns 304 M 0x0000000080000074 00004601 c.li a2, x12 0x0000000000000000 FAIL
---- MISMATCH DETAILS ----
PC RTL : 0x0000000080000074   REF : 0x000000008000006a
OPCODE RTL : 00004601   REF : 4381
REGISTER RTL : x12   REF : 
VALUE RTL : 0x0000000000000000   REF : 
---------------------------

14 15775ns 305 M 0x0000000080000076 00004681 c.li a3, x13 0x0000000000000000 FAIL
---- MISMATCH DETAILS ----
PC RTL : 0x0000000080000076   REF : 0x000000008000006c
OPCODE RTL : 00004681   REF : 4401
REGISTER RTL : x13   REF : 
VALUE RTL : 0x0000000000000000   REF : 
---------------------------

15 15825ns 306 M 0x0000000080000078 00004701 c.li a4, x14 0x0000000000000000 FAIL
---- MISMATCH DETAILS ----
PC RTL : 0x0000000080000078   REF : 0x000000008000006e
OPCODE RTL : 00004701   REF : 4481
REGISTER RTL : x14   REF : 
VALUE RTL : 0x0000000000000000   REF : 
---------------------------

16 15875ns 307 M 0x000000008000007a 00004781 c.li a5, x15 0x0000000000000000 FAIL
---- MISMATCH DETAILS ----
PC RTL : 0x000000008000007a   REF : 0x0000000080000070
OPCODE RTL : 00004781   REF : 4501
REGISTER RTL : x15   REF : x10
---------------------------

17 15925ns 308 M 0x000000008000007c 00004801 c.li a6, x16 0x0000000000000000 FAIL
---- MISMATCH DETAILS ----
PC RTL : 0x000000008000007c   REF : 0x0000000080000072
OPCODE RTL : 00004801   REF : 4581
REGISTER RTL : x16   REF : x11
---------------------------

18 15975ns 309 M 0x000000008000007e 00004881 c.li a7, x17 0x0000000000000000 FAIL
---- MISMATCH DETAILS ----
PC RTL : 0x000000008000007e   REF : 0x0000000080000074
OPCODE RTL : 00004881   REF : 4601
REGISTER RTL : x17   REF : x12
---------------------------

19 16175ns 313 M 0x0000000080000080 00004901 c.li s2, x18 0x0000000000000000 FAIL
---- MISMATCH DETAILS ----
PC RTL : 0x0000000080000080   REF : 0x0000000080000076
OPCODE RTL : 00004901   REF : 4681
REGISTER RTL : x18   REF : x13
---------------------------

20 16225ns 314 M 0x0000000080000082 00004981 c.li s3, x19 0x0000000000000000 FAIL
---- MISMATCH DETAILS ----
PC RTL : 0x0000000080000082   REF : 0x0000000080000078
OPCODE RTL : 00004981   REF : 4701
REGISTER RTL : x19   REF : x14
---------------------------

21 16275ns 315 M 0x0000000080000084 00004a01 c.li s4, x20 0x0000000000000000 FAIL
---- MISMATCH DETAILS ----
PC RTL : 0x0000000080000084   REF : 0x000000008000007a
OPCODE RTL : 00004a01   REF : 4781
REGISTER RTL : x20   REF : x15
---------------------------

22 16325ns 316 M 0x0000000080000086 00004a81 c.li s5, x21 0x0000000000000000 FAIL
---- MISMATCH DETAILS ----
PC RTL : 0x0000000080000086   REF : 0x000000008000007c
OPCODE RTL : 00004a81   REF : 4801
REGISTER RTL : x21   REF : x16
---------------------------

23 16375ns 317 M 0x0000000080000088 00004b01 c.li s6, x22 0x0000000000000000 FAIL
---- MISMATCH DETAILS ----
PC RTL : 0x0000000080000088   REF : 0x000000008000007e
OPCODE RTL : 00004b01   REF : 4881
REGISTER RTL : x22   REF : x17
---------------------------

24 16425ns 318 M 0x000000008000008a 00004b81 c.li s7, x23 0x0000000000000000 FAIL
---- MISMATCH DETAILS ----
PC RTL : 0x000000008000008a   REF : 0x0000000080000080
OPCODE RTL : 00004b81   REF : 4901
REGISTER RTL : x23   REF : x18
---------------------------

25 16475ns 319 M 0x000000008000008c 00004c01 c.li s8, x24 0x0000000000000000 FAIL
---- MISMATCH DETAILS ----
PC RTL : 0x000000008000008c   REF : 0x0000000080000082
OPCODE RTL : 00004c01   REF : 4981
REGISTER RTL : x24   REF : x19
---------------------------

26 16525ns 320 M 0x000000008000008e 00004c81 c.li s9, x25 0x0000000000000000 FAIL
---- MISMATCH DETAILS ----
PC RTL : 0x000000008000008e   REF : 0x0000000080000084
OPCODE RTL : 00004c81   REF : 4a01
REGISTER RTL : x25   REF : x20
---------------------------

27 17025ns 330 M 0x0000000080000090 00004d01 c.li s10, x26 0x0000000000000000 FAIL
---- MISMATCH DETAILS ----
PC RTL : 0x0000000080000090   REF : 0x0000000080000086
OPCODE RTL : 00004d01   REF : 4a81
REGISTER RTL : x26   REF : x21
---------------------------

28 17075ns 331 M 0x0000000080000092 00004d81 c.li s11, x27 0x0000000000000000 FAIL
---- MISMATCH DETAILS ----
PC RTL : 0x0000000080000092   REF : 0x0000000080000088
OPCODE RTL : 00004d81   REF : 4b01
REGISTER RTL : x27   REF : x22
---------------------------

29 17125ns 332 M 0x0000000080000094 00004e01 c.li t3, x28 0x0000000000000000 FAIL
---- MISMATCH DETAILS ----
PC RTL : 0x0000000080000094   REF : 0x000000008000008a
OPCODE RTL : 00004e01   REF : 4b81
REGISTER RTL : x28   REF : x23
---------------------------

30 17175ns 333 M 0x0000000080000096 00004e81 c.li t4, x29 0x0000000000000000 FAIL
---- MISMATCH DETAILS ----
PC RTL : 0x0000000080000096   REF : 0x000000008000008c
OPCODE RTL : 00004e81   REF : 4c01
REGISTER RTL : x29   REF : x24
---------------------------

31 17225ns 334 M 0x0000000080000098 00004f01 c.li t5, x30 0x0000000000000000 FAIL
---- MISMATCH DETAILS ----
PC RTL : 0x0000000080000098   REF : 0x000000008000008e
OPCODE RTL : 00004f01   REF : 4c81
REGISTER RTL : x30   REF : x25
---------------------------

32 17275ns 335 M 0x000000008000009a 00004f81 c.li t6, x31 0x0000000000000000 FAIL
---- MISMATCH DETAILS ----
PC RTL : 0x000000008000009a   REF : 0x0000000080000090
OPCODE RTL : 00004f81   REF : 4d01
REGISTER RTL : x31   REF : x26
---------------------------

33 17325ns 336 M 0x000000008000009c f1402573 csrr a0, x10 0x0000000000000000 FAIL
---- MISMATCH DETAILS ----
PC RTL : 0x000000008000009c   REF : 0x0000000080000092
OPCODE RTL : f1402573   REF : 4d81
REGISTER RTL : x10   REF : x27
---------------------------

34 17725ns 344 M 0x00000000800000a0 0000e101 c.bnez a0, x10 0x0000000000000000 FAIL
---- MISMATCH DETAILS ----
PC RTL : 0x00000000800000a0   REF : 0x0000000080000094
OPCODE RTL : 0000e101   REF : 4e01
REGISTER RTL : x10   REF : x28
---------------------------

35 17825ns 346 M 0x00000000800000a2 30405073 csrwi 0,   FAIL
---- MISMATCH DETAILS ----
PC RTL : 0x00000000800000a2   REF : 0x0000000080000096
OPCODE RTL : 30405073   REF : 4e81
REGISTER RTL :    REF : x29
VALUE RTL :    REF : 0x0000000000000000
---------------------------

36 17925ns 348 M 0x00000000800000a6 00000297 auipc t0, x5 0x00000000800000a6 FAIL
---- MISMATCH DETAILS ----
PC RTL : 0x00000000800000a6   REF : 0x0000000080000098
OPCODE RTL : 00000297   REF : 4f01
REGISTER RTL : x5   REF : x30
VALUE RTL : 0x00000000800000a6   REF : 0x0000000000000000
---------------------------

37 18025ns 350 M 0x00000000800000aa 01628293 addi t0, x5 0x00000000800000bc t0 FAIL
---- MISMATCH DETAILS ----
PC RTL : 0x00000000800000aa   REF : 0x000000008000009a
OPCODE RTL : 01628293   REF : 4f81
REGISTER RTL : x5   REF : x31
VALUE RTL : 0x00000000800000bc t0   REF : 0x0000000000000000
---------------------------

38 18375ns 357 M 0x00000000800000ae 30529073 csrw t0, x5 0x00000000800000bc FAIL
---- MISMATCH DETAILS ----
PC RTL : 0x00000000800000ae   REF : 0x000000008000009c
OPCODE RTL : 30529073   REF : f1402573
REGISTER RTL : x5   REF : x10
VALUE RTL : 0x00000000800000bc   REF : 0x0000000000000000
---------------------------

39 18475ns 359 M 0x00000000800000b2 30205073 csrwi 0,   FAIL
---- MISMATCH DETAILS ----
PC RTL : 0x00000000800000b2   REF : 0x00000000800000a0
OPCODE RTL : 30205073   REF : e101
---------------------------

40 18575ns 361 M 0x00000000800000b6 30305073 csrwi 0,   FAIL
---- MISMATCH DETAILS ----
PC RTL : 0x00000000800000b6   REF : 0x00000000800000a2
OPCODE RTL : 30305073   REF : 30405073
---------------------------

41 18675ns 363 M 0x00000000800000ba 00000001 c.addi x0,   FAIL
---- MISMATCH DETAILS ----
PC RTL : 0x00000000800000ba   REF : 0x00000000800000a6
OPCODE RTL : 00000001   REF : 00000297
---------------------------

42 18725ns 364 M 0x00000000800000bc 00004181 c.li gp, x3 0x0000000000000000 FAIL
---- MISMATCH DETAILS ----
PC RTL : 0x00000000800000bc   REF : 0x00000000800000aa
OPCODE RTL : 00004181   REF : 01628293
REGISTER RTL : x3   REF : 
VALUE RTL : 0x0000000000000000   REF : 
---------------------------

43 18975ns 369 M 0x00000000800000be 00000297 auipc t0, x5 0x00000000800000be FAIL
---- MISMATCH DETAILS ----
PC RTL : 0x00000000800000be   REF : 0x00000000800000ae
OPCODE RTL : 00000297   REF : 30529073
REGISTER RTL : x5   REF : 
VALUE RTL : 0x00000000800000be   REF : 
---------------------------

44 19075ns 371 M 0x00000000800000c2 f4628293 addi t0, x5 0x0000000080000004 t0 FAIL
---- MISMATCH DETAILS ----
PC RTL : 0x00000000800000c2   REF : 0x00000000800000b2
OPCODE RTL : f4628293   REF : 30205073
REGISTER RTL : x5   REF : 
VALUE RTL : 0x0000000080000004 t0   REF : 
---------------------------

45 19125ns 372 M 0x00000000800000c6 30529073 csrw t0, x5 0x0000000080000004 FAIL
---- MISMATCH DETAILS ----
PC RTL : 0x00000000800000c6   REF : 0x00000000800000b6
OPCODE RTL : 30529073   REF : 30305073
REGISTER RTL : x5   REF : 
VALUE RTL : 0x0000000080000004   REF : 
---------------------------

46 19225ns 374 M 0x00000000800000ca 00004505 c.li a0, x10 0x0000000000000001 FAIL
---- MISMATCH DETAILS ----
PC RTL : 0x00000000800000ca   REF : 0x00000000800000ba
OPCODE RTL : 00004505   REF : 0001
REGISTER RTL : x10   REF : 
VALUE RTL : 0x0000000000000001   REF : 
---------------------------

47 19325ns 376 M 0x00000000800000cc 0000057e c.slli a0, x10 0x0000000080000000 a0 FAIL
---- MISMATCH DETAILS ----
PC RTL : 0x00000000800000cc   REF : 0x00000000800000bc
OPCODE RTL : 0000057e   REF : 4181
REGISTER RTL : x10   REF : 
VALUE RTL : 0x0000000080000000 a0   REF : 
---------------------------

48 19575ns 381 M 0x00000000800000ce 00055263 bgez a0, x10 0x0000000080000000 FAIL
---- MISMATCH DETAILS ----
PC RTL : 0x00000000800000ce   REF : 0x00000000800000be
OPCODE RTL : 00055263   REF : 00000297
REGISTER RTL : x10   REF : 
VALUE RTL : 0x0000000080000000   REF : 
---------------------------

49 19925ns 388 M 0x00000000800000d2 00000293 li t0, x5 0x0000000000000000 FAIL
---- MISMATCH DETAILS ----
PC RTL : 0x00000000800000d2   REF : 0x00000000800000c2
OPCODE RTL : 00000293   REF : f4628293
REGISTER RTL : x5   REF : 
VALUE RTL : 0x0000000000000000   REF : 
---------------------------

50 19975ns 389 M 0x00000000800000d6 00028963 beqz t0, x5 0x0000000000000000 FAIL
---- MISMATCH DETAILS ----
PC RTL : 0x00000000800000d6   REF : 0x00000000800000c6
OPCODE RTL : 00028963   REF : 30529073
REGISTER RTL : x5   REF : 
VALUE RTL : 0x0000000000000000   REF : 
---------------------------

51 21025ns 410 M 0x00000000800000e8 30005073 csrwi 0,   FAIL
---- MISMATCH DETAILS ----
PC RTL : 0x00000000800000e8   REF : 0x00000000800000ca
OPCODE RTL : 30005073   REF : 4505
REGISTER RTL :    REF : x10
VALUE RTL :    REF : 0x0000000000000001
---------------------------

52 21525ns 420 M 0x00000000800000ec 00006509 c.lui a0, x10 0x0000000000002000 FAIL
---- MISMATCH DETAILS ----
PC RTL : 0x00000000800000ec   REF : 0x00000000800000cc
OPCODE RTL : 00006509   REF : 057e
VALUE RTL : 0x0000000000002000   REF : 0x0000000080000000
---------------------------

53 22025ns 430 M 0x00000000800000ee 8005051b addiw a0, x10 0x0000000000001800 a0 FAIL
---- MISMATCH DETAILS ----
PC RTL : 0x00000000800000ee   REF : 0x00000000800000ce
OPCODE RTL : 8005051b   REF : 00055263
REGISTER RTL : x10   REF : 
VALUE RTL : 0x0000000000001800 a0   REF : 
---------------------------

54 22125ns 432 M 0x00000000800000f2 30052073 csrrs a0, x10 0x0000000000001800 FAIL
---- MISMATCH DETAILS ----
PC RTL : 0x00000000800000f2   REF : 0x00000000800000d2
OPCODE RTL : 30052073   REF : 00000293
REGISTER RTL : x10   REF : 
VALUE RTL : 0x0000000000001800   REF : 
---------------------------

55 23025ns 450 M 0x00000000800000f6 00000297 auipc t0, x5 0x00000000800000f6 FAIL
---- MISMATCH DETAILS ----
PC RTL : 0x00000000800000f6   REF : 0x00000000800000d6
OPCODE RTL : 00000297   REF : 00028963
REGISTER RTL : x5   REF : 
VALUE RTL : 0x00000000800000f6   REF : 
---------------------------

56 23125ns 452 M 0x00000000800000fa 01428293 addi t0, x5 0x000000008000010a t0 FAIL
---- MISMATCH DETAILS ----
PC RTL : 0x00000000800000fa   REF : 0x00000000800000e8
OPCODE RTL : 01428293   REF : 30005073
REGISTER RTL : x5   REF : 
VALUE RTL : 0x000000008000010a t0   REF : 
---------------------------

57 23575ns 461 M 0x00000000800000fe 34129073 csrw t0, x5 0x000000008000010a FAIL
---- MISMATCH DETAILS ----
PC RTL : 0x00000000800000fe   REF : 0x00000000800000ec
OPCODE RTL : 34129073   REF : 6509
REGISTER RTL : x5   REF : x10
VALUE RTL : 0x000000008000010a   REF : 0x0000000000002000
---------------------------

58 23675ns 463 M 0x0000000080000102 f1402573 csrr a0, x10 0x0000000000000000 FAIL
---- MISMATCH DETAILS ----
PC RTL : 0x0000000080000102   REF : 0x00000000800000ee
OPCODE RTL : f1402573   REF : 8005051b
VALUE RTL : 0x0000000000000000   REF : 0x0000000000001800
---------------------------

59 23775ns 465 M 0x0000000080000106 30200073 mret   FAIL
---- MISMATCH DETAILS ----
PC RTL : 0x0000000080000106   REF : 0x00000000800000f2
OPCODE RTL : 30200073   REF : 30052073
---------------------------

60 24375ns 477 M 0x000000008000010a 0000418d c.li gp, x3 0x0000000000000003 FAIL
---- MISMATCH DETAILS ----
PC RTL : 0x000000008000010a   REF : 0x00000000800000f6
OPCODE RTL : 0000418d   REF : 00000297
REGISTER RTL : x3   REF : 
VALUE RTL : 0x0000000000000003   REF : 
---------------------------

61 24425ns 478 M 0x000000008000010c 00004451 c.li s0, x8 0x0000000000000014 FAIL
---- MISMATCH DETAILS ----
PC RTL : 0x000000008000010c   REF : 0x00000000800000fa
OPCODE RTL : 00004451   REF : 01428293
REGISTER RTL : x8   REF : 
VALUE RTL : 0x0000000000000014   REF : 
---------------------------

62 24725ns 484 M 0x000000008000010e 02000493 li s1, x9 0x0000000000000020 FAIL
---- MISMATCH DETAILS ----
PC RTL : 0x000000008000010e   REF : 0x00000000800000fe
OPCODE RTL : 02000493   REF : 34129073
REGISTER RTL : x9   REF : 
VALUE RTL : 0x0000000000000020   REF : 
---------------------------

63 24825ns 486 M 0x0000000080000112 009402b3 add t0, x5 0x0000000000000034 s0 FAIL
---- MISMATCH DETAILS ----
PC RTL : 0x0000000080000112   REF : 0x0000000080000102
OPCODE RTL : 009402b3   REF : f1402573
REGISTER RTL : x5   REF : x10
VALUE RTL : 0x0000000000000034 s0   REF : 0x0000000000000000
---------------------------

64 24875ns 487 M 0x0000000080000116 00301e63 bne x0, x3 0x0000000000000003 FAIL
---- MISMATCH DETAILS ----
PC RTL : 0x0000000080000116   REF : 0x0000000080000106
OPCODE RTL : 00301e63   REF : 30200073
REGISTER RTL : x3   REF : 
VALUE RTL : 0x0000000000000003   REF : 
---------------------------

65 Exception @ 25825000, 0xpc: Cause: Illegal Instruction, PC 0x0000000080000132, cause FAIL
---- MISMATCH DETAILS ----
PC RTL : 0xpc:   REF : 0x000000008000010a
OPCODE RTL : Cause:   REF : 418d
REGISTER RTL : PC   REF : 
VALUE RTL : 0x0000000080000132, cause   REF : 
---------------------------

66 26175ns 513 M 0x0000000080000004 34202f73 csrr t5, x30 0x0000000000000002 FAIL
---- MISMATCH DETAILS ----
PC RTL : 0x0000000080000004   REF : 0x000000008000010c
OPCODE RTL : 34202f73   REF : 4451
REGISTER RTL : x30   REF : 
VALUE RTL : 0x0000000000000002   REF : 
---------------------------

67 26275ns 515 M 0x0000000080000008 00004fa1 c.li t6, x31 0x0000000000000008 FAIL
---- MISMATCH DETAILS ----
PC RTL : 0x0000000080000008   REF : 0x000000008000010e
OPCODE RTL : 00004fa1   REF : 02000493
REGISTER RTL : x31   REF : 
VALUE RTL : 0x0000000000000008   REF : 
---------------------------

68 26325ns 516 M 0x000000008000000a 03ff0463 beq t5, x30 0x0000000000000002 t6 FAIL
---- MISMATCH DETAILS ----
PC RTL : 0x000000008000000a   REF : 0x0000000080000112
OPCODE RTL : 03ff0463   REF : 009402b3
REGISTER RTL : x30   REF : 
VALUE RTL : 0x0000000000000002 t6   REF : 
---------------------------

69 26375ns 517 M 0x000000008000000e 00004fa5 c.li t6, x31 0x0000000000000009 FAIL
---- MISMATCH DETAILS ----
PC RTL : 0x000000008000000e   REF : 0x0000000080000116
OPCODE RTL : 00004fa5   REF : 00301e63
REGISTER RTL : x31   REF : 
VALUE RTL : 0x0000000000000009   REF : 
---------------------------

70 26675ns 523 M 0x0000000080000010 03ff0163 beq t5, x30 0x0000000000000002 t6 FAIL
---- MISMATCH DETAILS ----
PC RTL : 0x0000000080000010   REF : 0x0000000080000004
OPCODE RTL : 03ff0163   REF : 34202f73
VALUE RTL : 0x0000000000000002 t6   REF : 0x0000000000000002
---------------------------

71 26775ns 525 M 0x0000000080000014 00004fad c.li t6, x31 0x000000000000000b FAIL
---- MISMATCH DETAILS ----
PC RTL : 0x0000000080000014   REF : 0x0000000080000008
OPCODE RTL : 00004fad   REF : 4fa1
VALUE RTL : 0x000000000000000b   REF : 0x0000000000000008
---------------------------

72 26825ns 526 M 0x0000000080000016 01ff0e63 beq t5, x30 0x0000000000000002 t6 FAIL
---- MISMATCH DETAILS ----
PC RTL : 0x0000000080000016   REF : 0x000000008000000a
OPCODE RTL : 01ff0e63   REF : 03ff0463
REGISTER RTL : x30   REF : 
VALUE RTL : 0x0000000000000002 t6   REF : 
---------------------------

73 26875ns 527 M 0x000000008000001a 00000f13 li t5, x30 0x0000000000000000 FAIL
---- MISMATCH DETAILS ----
PC RTL : 0x000000008000001a   REF : 0x000000008000000e
OPCODE RTL : 00000f13   REF : 4fa5
REGISTER RTL : x30   REF : x31
VALUE RTL : 0x0000000000000000   REF : 0x0000000000000009
---------------------------

74 27275ns 535 M 0x000000008000001e 000f0363 beqz t5, x30 0x0000000000000000 FAIL
---- MISMATCH DETAILS ----
PC RTL : 0x000000008000001e   REF : 0x0000000080000010
OPCODE RTL : 000f0363   REF : 03ff0163
REGISTER RTL : x30   REF : 
VALUE RTL : 0x0000000000000000   REF : 
---------------------------

75 27575ns 541 M 0x0000000080000024 34202f73 csrr t5, x30 0x0000000000000002 FAIL
---- MISMATCH DETAILS ----
PC RTL : 0x0000000080000024   REF : 0x0000000080000014
OPCODE RTL : 34202f73   REF : 4fad
REGISTER RTL : x30   REF : x31
VALUE RTL : 0x0000000000000002   REF : 0x000000000000000b
---------------------------

76 27725ns 544 M 0x0000000080000028 000f5363 bgez t5, x30 0x0000000000000002 FAIL
---- MISMATCH DETAILS ----
PC RTL : 0x0000000080000028   REF : 0x0000000080000016
OPCODE RTL : 000f5363   REF : 01ff0e63
REGISTER RTL : x30   REF : 
VALUE RTL : 0x0000000000000002   REF : 
---------------------------

77 28675ns 563 M 0x000000008000002e 5391e193 ori gp, x3 0x000000000000053b gp FAIL
---- MISMATCH DETAILS ----
PC RTL : 0x000000008000002e   REF : 0x000000008000001a
OPCODE RTL : 5391e193   REF : 00000f13
REGISTER RTL : x3   REF : x30
VALUE RTL : 0x000000000000053b gp   REF : 0x0000000000000000
---------------------------

78 28775ns 565 M 0x0000000080000032 00001f17 auipc t5, x30 0x0000000080001032 FAIL
---- MISMATCH DETAILS ----
PC RTL : 0x0000000080000032   REF : 0x000000008000001e
OPCODE RTL : 00001f17   REF : 000f0363
REGISTER RTL : x30   REF : 
VALUE RTL : 0x0000000080001032   REF : 
---------------------------

79 28875ns 567 M 0x0000000080000036 fc3f2723 sw gp, x3 0x000000000000053b t5 FAIL
---- MISMATCH DETAILS ----
PC RTL : 0x0000000080000036   REF : 0x0000000080000024
OPCODE RTL : fc3f2723   REF : 34202f73
REGISTER RTL : x3   REF : x30
VALUE RTL : 0x000000000000053b t5   REF : 0x0000000000000002
---------------------------


=========== SUMMARY ===========
fatal   : 0
error   : 0
warning : 0

Instructions Retired : 79
First mismatch       : instruction 1
Total mismatches     : 79

TEST STATUS          : FAIL
Last instruction time: 28875ns
=================================
