   14625ns      282 M 000000008000005e 0 00004081 c.li           ra, 0                 ra  :0000000000000000
   15125ns      292 M 0000000080000060 0 00004101 c.li           sp, 0                 sp  :0000000000000000
   15175ns      293 M 0000000080000062 0 00004181 c.li           gp, 0                 gp  :0000000000000000
   15225ns      294 M 0000000080000064 0 00004201 c.li           tp, 0                 tp  :0000000000000000
   15275ns      295 M 0000000080000066 0 00004281 c.li           t0, 0                 t0  :0000000000000000
   15325ns      296 M 0000000080000068 0 00004301 c.li           t1, 0                 t1  :0000000000000000
   15375ns      297 M 000000008000006a 0 00004381 c.li           t2, 0                 t2  :0000000000000000
   15425ns      298 M 000000008000006c 0 00004401 c.li           s0, 0                 s0  :0000000000000000
   15475ns      299 M 000000008000006e 0 00004481 c.li           s1, 0                 s1  :0000000000000000
   15625ns      302 M 0000000080000070 0 00004501 c.li           a0, 0                 a0  :0000000000000000
   15675ns      303 M 0000000080000072 0 00004581 c.li           a1, 0                 a1  :0000000000000000
   15725ns      304 M 0000000080000074 0 00004601 c.li           a2, 0                 a2  :0000000000000000
   15775ns      305 M 0000000080000076 0 00004681 c.li           a3, 0                 a3  :0000000000000000
   15825ns      306 M 0000000080000078 0 00004701 c.li           a4, 0                 a4  :0000000000000000
   15875ns      307 M 000000008000007a 0 00004781 c.li           a5, 0                 a5  :0000000000000000
   15925ns      308 M 000000008000007c 0 00004801 c.li           a6, 0                 a6  :0000000000000000
   15975ns      309 M 000000008000007e 0 00004881 c.li           a7, 0                 a7  :0000000000000000
   16175ns      313 M 0000000080000080 0 00004901 c.li           s2, 0                 s2  :0000000000000000
   16225ns      314 M 0000000080000082 0 00004981 c.li           s3, 0                 s3  :0000000000000000
   16275ns      315 M 0000000080000084 0 00004a01 c.li           s4, 0                 s4  :0000000000000000
   16325ns      316 M 0000000080000086 0 00004a81 c.li           s5, 0                 s5  :0000000000000000
   16375ns      317 M 0000000080000088 0 00004b01 c.li           s6, 0                 s6  :0000000000000000
   16425ns      318 M 000000008000008a 0 00004b81 c.li           s7, 0                 s7  :0000000000000000
   16475ns      319 M 000000008000008c 0 00004c01 c.li           s8, 0                 s8  :0000000000000000
   16525ns      320 M 000000008000008e 0 00004c81 c.li           s9, 0                 s9  :0000000000000000
   17025ns      330 M 0000000080000090 0 00004d01 c.li          s10, 0                 s10 :0000000000000000
   17075ns      331 M 0000000080000092 0 00004d81 c.li          s11, 0                 s11 :0000000000000000
   17125ns      332 M 0000000080000094 0 00004e01 c.li           t3, 0                 t3  :0000000000000000
   17175ns      333 M 0000000080000096 0 00004e81 c.li           t4, 0                 t4  :0000000000000000
   17225ns      334 M 0000000080000098 0 00004f01 c.li           t5, 0                 t5  :0000000000000000
   17275ns      335 M 000000008000009a 0 00004f81 c.li           t6, 0                 t6  :0000000000000000
   17325ns      336 M 000000008000009c 0 f1402573 csrr           a0, mhartid           a0  :0000000000000000
   17725ns      344 M 00000000800000a0 0 0000e101 c.bnez         a0, pc - 0            a0  :0000000000000000
   17825ns      346 M 00000000800000a2 0 30405073 csrwi           0, mie              
   17925ns      348 M 00000000800000a6 0 00000297 auipc          t0, 0x0               t0  :00000000800000a6
   18025ns      350 M 00000000800000aa 0 01628293 addi           t0, t0, 22            t0  :00000000800000bc t0  :00000000800000a6
   18375ns      357 M 00000000800000ae 0 30529073 csrw           t0, mtvec             t0  :00000000800000bc
   18475ns      359 M 00000000800000b2 0 30205073 csrwi           0, medeleg          
   18575ns      361 M 00000000800000b6 0 30305073 csrwi           0, mideleg          
   18675ns      363 M 00000000800000ba 0 00000001 c.addi         x0, 0                
   18725ns      364 M 00000000800000bc 0 00004181 c.li           gp, 0                 gp  :0000000000000000
   18975ns      369 M 00000000800000be 0 00000297 auipc          t0, 0x0               t0  :00000000800000be
   19075ns      371 M 00000000800000c2 0 f4628293 addi           t0, t0, -186          t0  :0000000080000004 t0  :00000000800000be
   19125ns      372 M 00000000800000c6 0 30529073 csrw           t0, mtvec             t0  :0000000080000004
   19225ns      374 M 00000000800000ca 0 00004505 c.li           a0, 1                 a0  :0000000000000001
   19325ns      376 M 00000000800000cc 0 0000057e c.slli         a0, a0, 31            a0  :0000000080000000 a0  :0000000000000001
   19575ns      381 M 00000000800000ce 1 00055263 bgez           a0, pc + 4            a0  :0000000080000000
   19925ns      388 M 00000000800000d2 0 00000293 li             t0, 0                 t0  :0000000000000000
   19975ns      389 M 00000000800000d6 1 00028963 beqz           t0, pc + 18           t0  :0000000000000000
   21025ns      410 M 00000000800000e8 0 30005073 csrwi           0, mstatus          
   21525ns      420 M 00000000800000ec 0 00006509 c.lui          a0, 0x2               a0  :0000000000002000
   22025ns      430 M 00000000800000ee 0 8005051b addiw          a0, a0, -2048         a0  :0000000000001800 a0  :0000000000002000
   22125ns      432 M 00000000800000f2 0 30052073 csrrs          a0, mstatus           a0  :0000000000001800
   23025ns      450 M 00000000800000f6 0 00000297 auipc          t0, 0x0               t0  :00000000800000f6
   23125ns      452 M 00000000800000fa 0 01428293 addi           t0, t0, 20            t0  :000000008000010a t0  :00000000800000f6
   23575ns      461 M 00000000800000fe 0 34129073 csrw           t0, mepc              t0  :000000008000010a
   23675ns      463 M 0000000080000102 0 f1402573 csrr           a0, mhartid           a0  :0000000000000000
   23775ns      465 M 0000000080000106 0 30200073 mret                                
   24375ns      477 M 000000008000010a 0 0000418d c.li           gp, 3                 gp  :0000000000000003
   24425ns      478 M 000000008000010c 0 00004451 c.li           s0, 20                s0  :0000000000000014
   24725ns      484 M 000000008000010e 0 02000493 li             s1, 32                s1  :0000000000000020
   24825ns      486 M 0000000080000112 0 009402b3 add            t0, s0, s1            t0  :0000000000000034 s0  :0000000000000014 s1  :0000000000000020
   24875ns      487 M 0000000080000116 1 00301e63 bne            x0, gp, pc + 28       gp  :0000000000000003
Exception @  25825000, PC: 0000000080000132, Cause: Illegal Instruction, 
				tval: 0000000000000000
   26175ns      513 M 0000000080000004 0 34202f73 csrr           t5, mcause            t5  :0000000000000002
   26275ns      515 M 0000000080000008 0 00004fa1 c.li           t6, 8                 t6  :0000000000000008
   26325ns      516 M 000000008000000a 0 03ff0463 beq            t5, t6, pc + 40       t5  :0000000000000002 t6  :0000000000000008
   26375ns      517 M 000000008000000e 0 00004fa5 c.li           t6, 9                 t6  :0000000000000009
   26675ns      523 M 0000000080000010 0 03ff0163 beq            t5, t6, pc + 34       t5  :0000000000000002 t6  :0000000000000009
   26775ns      525 M 0000000080000014 0 00004fad c.li           t6, 11                t6  :000000000000000b
   26825ns      526 M 0000000080000016 0 01ff0e63 beq            t5, t6, pc + 28       t5  :0000000000000002 t6  :000000000000000b
   26875ns      527 M 000000008000001a 0 00000f13 li             t5, 0                 t5  :0000000000000000
   27275ns      535 M 000000008000001e 1 000f0363 beqz           t5, pc + 6            t5  :0000000000000000
   27575ns      541 M 0000000080000024 0 34202f73 csrr           t5, mcause            t5  :0000000000000002
   27725ns      544 M 0000000080000028 1 000f5363 bgez           t5, pc + 6            t5  :0000000000000002
   28675ns      563 M 000000008000002e 0 5391e193 ori            gp, gp, 1337          gp  :000000000000053b gp  :0000000000000003
   28775ns      565 M 0000000080000032 0 00001f17 auipc          t5, 0x1               t5  :0000000080001032
   28875ns      567 M 0000000080000036 0 fc3f2723 sw             gp, -50(t5)           gp  :000000000000053b t5  :0000000080001032 VA: 0000000080001000 PA: 00000080001000
